// Jest Snapshot v1, https://goo.gl/fbAQLP

exports[`Render 1`] = `
<form
  data-hook="test-form"
  noValidate={true}
  onSubmit={[Function]}
>
  <div
    data-hook="batman"
  >
    <input
      data-hook="input-batman"
      name="batman"
      onBlur={[Function]}
      onChange={[Function]}
      onFocus={[Function]}
      value=""
    />
    <div
      data-hook="meta-props"
    >
      <span
        data-hook="meta_errors"
      >
        null
      </span>
      <span
        data-hook="meta_isActive"
      >
        false
      </span>
      <span
        data-hook="meta_isDirty"
      >
        false
      </span>
      <span
        data-hook="meta_isTouched"
      >
        false
      </span>
      <span
        data-hook="meta_isValidating"
      >
        false
      </span>
      <span
        data-hook="meta_isRegistered"
      >
        true
      </span>
      <span
        data-hook="meta_form:isValidating"
      >
        false
      </span>
      <span
        data-hook="meta_form:isValid"
      >
        true
      </span>
      <span
        data-hook="meta_form:isDirty"
      >
        false
      </span>
      <span
        data-hook="meta_form:isTouched"
      >
        false
      </span>
      <span
        data-hook="meta_form:submitCount"
      >
        0
      </span>
    </div>
    <span
      data-hook="validate"
      onClick={[Function]}
    />
  </div>
  <div
    data-hook="robin"
  >
    <input
      data-hook="input-robin"
      name="robin"
      onBlur={[Function]}
      onChange={[Function]}
      onFocus={[Function]}
      value=""
    />
    <div
      data-hook="meta-props"
    >
      <span
        data-hook="meta_errors"
      >
        null
      </span>
      <span
        data-hook="meta_isActive"
      >
        false
      </span>
      <span
        data-hook="meta_isDirty"
      >
        false
      </span>
      <span
        data-hook="meta_isTouched"
      >
        false
      </span>
      <span
        data-hook="meta_isValidating"
      >
        false
      </span>
      <span
        data-hook="meta_isRegistered"
      >
        true
      </span>
      <span
        data-hook="meta_form:isValidating"
      >
        false
      </span>
      <span
        data-hook="meta_form:isValid"
      >
        true
      </span>
      <span
        data-hook="meta_form:isDirty"
      >
        false
      </span>
      <span
        data-hook="meta_form:isTouched"
      >
        false
      </span>
      <span
        data-hook="meta_form:submitCount"
      >
        0
      </span>
    </div>
    <span
      data-hook="validate"
      onClick={[Function]}
    />
  </div>
  <button
    type="submit"
  >
    Submit
  </button>
</form>
`;
